
Simulation of Manchester encoder Start!
rstn=0,wr=0,din=00,mdo=x,ready=x
rstn=1,wr=0,din=00,mdo=x,ready=0
rstn=1,wr=0,din=00,mdo=0,ready=1
rstn=0,wr=0,din=00,mdo=0,ready=1
rstn=0,wr=0,din=00,mdo=0,ready=0
rstn=0,wr=0,din=ff,mdo=0,ready=0
rstn=0,wr=1,din=ff,mdo=0,ready=0
rstn=0,wr=0,din=ff,mdo=0,ready=0
rstn=0,wr=0,din=ff,mdo=1,ready=0
rstn=0,wr=0,din=ff,mdo=0,ready=0
rstn=0,wr=0,din=ff,mdo=1,ready=0
rstn=0,wr=0,din=ff,mdo=0,ready=0
rstn=0,wr=0,din=ff,mdo=1,ready=0
rstn=0,wr=0,din=ff,mdo=0,ready=0
rstn=0,wr=0,din=ff,mdo=1,ready=0
rstn=0,wr=0,din=ff,mdo=0,ready=0
rstn=0,wr=0,din=ff,mdo=1,ready=0
rstn=0,wr=0,din=ff,mdo=0,ready=0
rstn=0,wr=0,din=ff,mdo=1,ready=0
rstn=0,wr=0,din=ff,mdo=0,ready=0
rstn=0,wr=0,din=ff,mdo=1,ready=0
rstn=0,wr=0,din=ff,mdo=0,ready=0
rstn=0,wr=0,din=ff,mdo=1,ready=0
rstn=0,wr=0,din=ff,mdo=0,ready=0
rstn=0,wr=0,din=ff,mdo=1,ready=0
rstn=0,wr=0,din=ff,mdo=1,ready=1
rstn=0,wr=0,din=ff,mdo=0,ready=1
rstn=0,wr=0,din=ff,mdo=1,ready=1
rstn=0,wr=0,din=ff,mdo=1,ready=0
rstn=0,wr=0,din=aa,mdo=1,ready=0
rstn=0,wr=1,din=aa,mdo=1,ready=0
rstn=0,wr=0,din=aa,mdo=1,ready=0
rstn=0,wr=0,din=aa,mdo=0,ready=0
rstn=0,wr=0,din=aa,mdo=1,ready=0
rstn=0,wr=0,din=aa,mdo=0,ready=0
rstn=0,wr=0,din=aa,mdo=1,ready=0
rstn=0,wr=0,din=aa,mdo=0,ready=0
rstn=0,wr=0,din=aa,mdo=1,ready=0
rstn=0,wr=0,din=aa,mdo=0,ready=0
rstn=0,wr=0,din=aa,mdo=1,ready=0
rstn=0,wr=0,din=aa,mdo=0,ready=0
rstn=0,wr=0,din=aa,mdo=1,ready=0
rstn=0,wr=0,din=aa,mdo=0,ready=0
rstn=0,wr=0,din=aa,mdo=1,ready=0
rstn=0,wr=0,din=aa,mdo=1,ready=1
rstn=0,wr=0,din=aa,mdo=0,ready=1
rstn=0,wr=0,din=aa,mdo=1,ready=1
rstn=0,wr=0,din=aa,mdo=1,ready=0
rstn=0,wr=0,din=00,mdo=1,ready=0
rstn=0,wr=1,din=00,mdo=1,ready=0
rstn=0,wr=0,din=00,mdo=1,ready=0
rstn=0,wr=0,din=00,mdo=0,ready=0
rstn=0,wr=0,din=00,mdo=1,ready=0
rstn=0,wr=0,din=00,mdo=0,ready=0
rstn=0,wr=0,din=00,mdo=1,ready=0
rstn=0,wr=0,din=00,mdo=0,ready=0
rstn=0,wr=0,din=00,mdo=1,ready=0
rstn=0,wr=0,din=00,mdo=0,ready=0
rstn=0,wr=0,din=00,mdo=1,ready=0
rstn=0,wr=0,din=00,mdo=0,ready=0
rstn=0,wr=0,din=00,mdo=1,ready=0
rstn=0,wr=0,din=00,mdo=0,ready=0
rstn=0,wr=0,din=00,mdo=1,ready=0
rstn=0,wr=0,din=00,mdo=0,ready=0
rstn=0,wr=0,din=00,mdo=1,ready=0
rstn=0,wr=0,din=00,mdo=0,ready=0
rstn=0,wr=0,din=00,mdo=1,ready=0
rstn=0,wr=0,din=00,mdo=0,ready=0
rstn=0,wr=0,din=00,mdo=1,ready=0
rstn=0,wr=0,din=00,mdo=0,ready=0
rstn=0,wr=0,din=00,mdo=1,ready=0
rstn=0,wr=0,din=00,mdo=1,ready=1
rstn=0,wr=0,din=00,mdo=0,ready=1
rstn=0,wr=0,din=00,mdo=1,ready=1
rstn=0,wr=0,din=00,mdo=1,ready=0
rstn=0,wr=0,din=f0,mdo=1,ready=0
rstn=0,wr=1,din=f0,mdo=1,ready=0
rstn=0,wr=0,din=f0,mdo=1,ready=0
rstn=0,wr=0,din=f0,mdo=0,ready=0
rstn=0,wr=0,din=f0,mdo=1,ready=0
rstn=0,wr=0,din=f0,mdo=0,ready=0
rstn=0,wr=0,din=f0,mdo=1,ready=0
rstn=0,wr=0,din=f0,mdo=0,ready=0
rstn=0,wr=0,din=f0,mdo=1,ready=0
rstn=0,wr=0,din=f0,mdo=0,ready=0
rstn=0,wr=0,din=f0,mdo=1,ready=0
rstn=0,wr=0,din=f0,mdo=0,ready=0
rstn=0,wr=0,din=f0,mdo=1,ready=0
rstn=0,wr=0,din=f0,mdo=0,ready=0
rstn=0,wr=0,din=f0,mdo=1,ready=0
rstn=0,wr=0,din=f0,mdo=0,ready=0
rstn=0,wr=0,din=f0,mdo=1,ready=0
rstn=0,wr=0,din=f0,mdo=0,ready=0
rstn=0,wr=0,din=f0,mdo=1,ready=0
rstn=0,wr=0,din=f0,mdo=0,ready=0
rstn=0,wr=0,din=f0,mdo=1,ready=0
rstn=0,wr=0,din=f0,mdo=1,ready=1
rstn=0,wr=0,din=f0,mdo=0,ready=1
rstn=0,wr=0,din=f0,mdo=1,ready=1
rstn=0,wr=0,din=f0,mdo=1,ready=0
rstn=0,wr=0,din=0f,mdo=1,ready=0
rstn=0,wr=1,din=0f,mdo=1,ready=0
rstn=0,wr=0,din=0f,mdo=1,ready=0
rstn=0,wr=0,din=0f,mdo=0,ready=0
rstn=0,wr=0,din=0f,mdo=1,ready=0
rstn=0,wr=0,din=0f,mdo=0,ready=0
rstn=0,wr=0,din=0f,mdo=1,ready=0
rstn=0,wr=0,din=0f,mdo=0,ready=0
rstn=0,wr=0,din=0f,mdo=1,ready=0
rstn=0,wr=0,din=0f,mdo=0,ready=0
rstn=0,wr=0,din=0f,mdo=1,ready=0
rstn=0,wr=0,din=0f,mdo=0,ready=0
rstn=0,wr=0,din=0f,mdo=1,ready=0
rstn=0,wr=0,din=0f,mdo=0,ready=0
rstn=0,wr=0,din=0f,mdo=1,ready=0
rstn=0,wr=0,din=0f,mdo=0,ready=0
rstn=0,wr=0,din=0f,mdo=1,ready=0
rstn=0,wr=0,din=0f,mdo=0,ready=0
rstn=0,wr=0,din=0f,mdo=1,ready=0
rstn=0,wr=0,din=0f,mdo=0,ready=0
rstn=0,wr=0,din=0f,mdo=1,ready=0
rstn=0,wr=0,din=0f,mdo=1,ready=1
rstn=0,wr=0,din=0f,mdo=0,ready=1
rstn=0,wr=0,din=0f,mdo=1,ready=1
rstn=0,wr=0,din=0f,mdo=1,ready=0
rstn=0,wr=0,din=0f,mdo=0,ready=0
rstn=0,wr=0,din=0f,mdo=1,ready=0
rstn=0,wr=0,din=0f,mdo=0,ready=0
rstn=0,wr=0,din=0f,mdo=1,ready=0
rstn=0,wr=0,din=0f,mdo=0,ready=0
rstn=0,wr=0,din=0f,mdo=1,ready=0
rstn=0,wr=0,din=0f,mdo=0,ready=0
rstn=0,wr=0,din=0f,mdo=1,ready=0
rstn=0,wr=0,din=0f,mdo=0,ready=0
rstn=0,wr=0,din=0f,mdo=1,ready=0

Simulation of Manchester encoder complete!
